confirm 2018: GP MAE 14.783 -> 14.238  P(all) 9.3571 -> 9.2372  A 9.5551 -> 9.4532  B 9.5551 -> 9.4532  (10s)
confirm 2019: GP MAE 13.836 -> 13.400  P(all) 9.1481 -> 9.0897  A 9.2842 -> 9.2346  B 8.9955 -> 8.9434  (3s)
{
 "baseline": {
  "gp_mae": 14.316091902417652,
  "gp_bias": -0.45610920792508447,
  "gp_mae_all": 13.657385271863731,
  "p_mae_all": 9.254268599041245,
  "p_bias_all": -0.984219873807058,
  "p_mae_A": 9.4208212194567,
  "p_mae_B": 9.278269413665646,
  "n_rostered": 1371,
  "n_all": 1272
 },
 "l3": {
  "gp_mae": 13.824760865254353,
  "gp_bias": -0.4561092079250837,
  "gp_mae_all": 13.209493613762914,
  "p_mae_all": 9.164620415243336,
  "p_bias_all": -0.9931191160460473,
  "p_mae_A": 9.34489204043816,
  "p_mae_B": 9.201028893394266,
  "n_rostered": 1371,
  "n_all": 1272
 }
} {
 "gp_mae": {
  "diff": -0.49133103716330123,
  "ci95": [
   -0.7187727057492839,
   -0.2693083467848597
  ],
  "n": 1371
 },
 "p_mae_all": {
  "diff": -0.0896481837979079,
  "ci95": [
   -0.14061302469165257,
   -0.03767058110401822
  ],
  "n": 1272
 }
}
