baseline {'gp_mae': 14.1393, 'gp_bias': -0.1916, 'gp_mae_all': 13.4658, 'p_mae_all': 8.6325, 'p_bias_all': 0.4885, 'p_mae_A': 8.5558, 'p_mae_B': 8.4174, 'n_rostered': 3287, 'n_all': 3067}
[ 2] stage1    gp_mae 14.308 bias -0.19 p_all 8.5935 A 8.5189 B 8.3784 | gbm full w8 lr0.05 it200 lv15 ml40 l21.0 r1.0 rk:model paths:orr (12.8s)
[ 3] stage1    gp_mae 14.138 bias -0.19 p_all 8.5732 A 8.4987 B 8.3598 | gbm full w8 lr0.05 it100 lv15 ml40 l21.0 r1.0 rk:model paths:orr (4.9s)
[ 4] stage1    gp_mae 14.531 bias -0.19 p_all 8.6064 A 8.5365 B 8.3997 | gbm full w8 lr0.05 it400 lv15 ml40 l21.0 r1.0 rk:model paths:orr (5.9s)
[ 5] stage1    gp_mae 14.203 bias -0.19 p_all 8.5807 A 8.4865 B 8.3463 | gbm full w8 lr0.025 it100 lv15 ml40 l21.0 r1.0 rk:model paths:orr (4.5s)
[ 6] stage1    gp_mae 14.317 bias -0.19 p_all 8.5846 A 8.5052 B 8.3696 | gbm full w8 lr0.1 it100 lv15 ml40 l21.0 r1.0 rk:model paths:orr (4.8s)
[ 7] stage1    gp_mae 14.090 bias -0.19 p_all 8.5748 A 8.4959 B 8.3602 | gbm full w8 lr0.05 it100 lv7 ml40 l21.0 r1.0 rk:model paths:orr (4.3s)
[ 8] stage1    gp_mae 14.225 bias -0.19 p_all 8.5772 A 8.5025 B 8.3674 | gbm full w8 lr0.05 it100 lv31 ml40 l21.0 r1.0 rk:model paths:orr (4.6s)
[ 9] stage1    gp_mae 14.128 bias -0.19 p_all 8.5762 A 8.4980 B 8.3581 | gbm full w8 lr0.05 it100 lv7 ml20 l21.0 r1.0 rk:model paths:orr (4.7s)
[10] stage1    gp_mae 14.005 bias -0.19 p_all 8.5724 A 8.4992 B 8.3623 | gbm full w8 lr0.05 it100 lv7 ml80 l21.0 r1.0 rk:model paths:orr (4.2s)
[11] stage1    gp_mae 14.119 bias -0.19 p_all 8.5696 A 8.4965 B 8.3563 | gbm full w8 lr0.05 it100 lv7 ml160 l21.0 r1.0 rk:model paths:orr (4.6s)
[12] stage1    gp_mae 14.015 bias -0.19 p_all 8.5719 A 8.4991 B 8.3620 | gbm full w8 lr0.05 it100 lv7 ml80 l20.0 r1.0 rk:model paths:orr (4.5s)
[13] stage1    gp_mae 14.014 bias -0.19 p_all 8.5713 A 8.4980 B 8.3626 | gbm full w8 lr0.05 it100 lv7 ml80 l210.0 r1.0 rk:model paths:orr (4.7s)
[14] stage1    gp_mae 14.005 bias -0.19 p_all 8.5724 A 8.4992 B 8.3623 | gbm full w6 lr0.05 it100 lv7 ml80 l21.0 r1.0 rk:model paths:orr (4.8s)
[15] stage1    gp_mae 14.005 bias -0.19 p_all 8.5724 A 8.4992 B 8.3623 | gbm full w14 lr0.05 it100 lv7 ml80 l21.0 r1.0 rk:model paths:orr (4.7s)
[16] stage1    gp_mae 14.008 bias -0.19 p_all 8.5722 A 8.4979 B 8.3618 | gbm nostruct w8 lr0.05 it100 lv7 ml80 l21.0 r1.0 rk:model paths:orr (4.6s)
[17] stage1    gp_mae 14.231 bias -0.19 p_all 8.6013 A 8.5343 B 8.3962 | gbm full w8 lr0.05 it400 lv7 ml80 l21.0 r1.0 rk:model paths:orr (5.3s)
[18] stage1    gp_mae 14.171 bias -0.19 p_all 8.5849 A 8.4894 B 8.3472 | gbm full w8 lr0.025 it100 lv7 ml80 l21.0 r1.0 rk:model paths:orr (4.3s)
[19] stage1    gp_mae 14.082 bias -0.19 p_all 8.5822 A 8.5156 B 8.3758 | gbm full w8 lr0.1 it100 lv7 ml80 l21.0 r1.0 rk:model paths:orr (4.5s)
[20] stage1    gp_mae 14.104 bias -0.19 p_all 8.5779 A 8.5086 B 8.3715 | gbm full w8 lr0.05 it100 lv31 ml80 l21.0 r1.0 rk:model paths:orr (4.4s)
[21] stage1    gp_mae 14.386 bias -0.19 p_all 8.6263 A 8.5815 B 8.4478 | glm full w8 lr0.05 it200 lv15 ml40 l21.0 r0.1 rk:model paths:orr (4.1s)
[22] stage1    gp_mae 14.008 bias -0.19 p_all 8.5808 A 8.5117 B 8.3760 | glm full w8 lr0.05 it200 lv15 ml40 l21.0 r1.0 rk:model paths:orr (4.4s)
[23] stage1    gp_mae 14.052 bias -0.19 p_all 8.5622 A 8.4695 B 8.3347 | glm full w8 lr0.05 it200 lv15 ml40 l21.0 r10.0 rk:model paths:orr (4.0s)
[24] stage1    gp_mae 14.101 bias -0.19 p_all 8.5646 A 8.4626 B 8.3267 | glm full w8 lr0.05 it200 lv15 ml40 l21.0 r100.0 rk:model paths:orr (4.3s)
stage1 best {'model': 'gbm', 'feats': 'full', 'rookies': 'model', 'window': 8, 'lr': 0.05, 'iters': 100, 'leaves': 7, 'min_leaf': 80, 'l2': 1.0, 'ridge': 1.0, 'paths': 'orr'} 14.005459991746816
