[2019] base built in 13s: {'weights': {'mkt_rel82': 0.7504906438670673, 'td_rel82': 0.24950935613293262}, 'loso_rmse_other_82': 12.657245456580107, 'luck_sd_82': 8.325650906206219, 'talent_sd_82': 9.533593212220946, 'drift_sd': 0.12328828005937953, 'rating_sd_net_mean': 0.12116300978934398, 'games_per_team_mean': 82.0}
[2020] base built in 3s: {'weights': {'mkt_rel82': 0.7007024032288274, 'td_rel82': 0.2992975967711726}, 'loso_rmse_other_82': 12.725836865980076, 'luck_sd_82': 8.334405255786917, 'talent_sd_82': 9.616892064063578, 'drift_sd': 0.12328828005937953, 'rating_sd_net_mean': 0.12402099801011741, 'games_per_team_mean': 69.80645161290323}
[2022] base built in 5s: {'weights': {'mkt_rel82': 0.8806525540829395, 'td_rel82': 0.11934744591706058}, 'loso_rmse_other_82': 11.180220145344954, 'luck_sd_82': 8.25696253007974, 'talent_sd_82': 7.537897072475607, 'drift_sd': 0.12328828005937953, 'rating_sd_net_mean': 0.09756483581781389, 'games_per_team_mean': 82.0}
[2023] base built in 5s: {'weights': {'mkt_rel82': 0.7433052861491586, 'td_rel82': 0.25669471385084147}, 'loso_rmse_other_82': 12.006463710868559, 'luck_sd_82': 8.234784309518773, 'talent_sd_82': 8.737476650389803, 'drift_sd': 0.12328828005937953, 'rating_sd_net_mean': 0.10963866081434671, 'games_per_team_mean': 82.0}
[2024] base built in 4s: {'weights': {'mkt_rel82': 0.683523801552661, 'td_rel82': 0.31647619844733904}, 'loso_rmse_other_82': 12.477091085029457, 'luck_sd_82': 8.212959003149862, 'talent_sd_82': 9.39282206563614, 'drift_sd': 0.12328828005937953, 'rating_sd_net_mean': 0.11773729587678226, 'games_per_team_mean': 82.0}
[2019] k=0.7   crps 5.812  cover80 0.839  sim sd 10.66  (11s)
[2019] k=0.8   crps 5.826  cover80 0.871  sim sd 11.26  (11s)
[2019] k=0.9   crps 5.845  cover80 0.871  sim sd 11.88  (11s)
[2019] k=1.0   crps 5.878  cover80 0.903  sim sd 12.53  (13s)
[2019] k=1.1   crps 5.922  cover80 0.903  sim sd 13.20  (12s)
[2019] k=1.25  crps 6.002  cover80 0.903  sim sd 14.22  (12s)
[2019] k=1.4   crps 6.098  cover80 0.903  sim sd 15.24  (11s)
[2020] k=0.7   crps 4.568  cover80 0.903  sim sd 9.59  (11s)
[2020] k=0.8   crps 4.610  cover80 0.903  sim sd 10.08  (11s)
[2020] k=0.9   crps 4.658  cover80 0.903  sim sd 10.60  (9s)
[2020] k=1.0   crps 4.713  cover80 0.903  sim sd 11.14  (9s)
[2020] k=1.1   crps 4.773  cover80 0.935  sim sd 11.70  (10s)
[2020] k=1.25  crps 4.875  cover80 0.935  sim sd 12.55  (10s)
[2020] k=1.4   crps 4.989  cover80 0.935  sim sd 13.41  (10s)
[2022] k=0.7   crps 9.143  cover80 0.562  sim sd 9.81  (15s)
[2022] k=0.8   crps 9.093  cover80 0.562  sim sd 10.22  (14s)
[2022] k=0.9   crps 9.045  cover80 0.594  sim sd 10.67  (13s)
[2022] k=1.0   crps 9.002  cover80 0.625  sim sd 11.14  (13s)
[2022] k=1.1   crps 8.960  cover80 0.656  sim sd 11.63  (12s)
[2022] k=1.25  crps 8.906  cover80 0.719  sim sd 12.39  (13s)
[2022] k=1.4   crps 8.868  cover80 0.750  sim sd 13.16  (12s)
[2023] k=0.7   crps 7.427  cover80 0.656  sim sd 10.25  (12s)
[2023] k=0.8   crps 7.398  cover80 0.719  sim sd 10.77  (14s)
[2023] k=0.9   crps 7.375  cover80 0.812  sim sd 11.33  (13s)
[2023] k=1.0   crps 7.357  cover80 0.812  sim sd 11.91  (13s)
[2023] k=1.1   crps 7.350  cover80 0.812  sim sd 12.51  (14s)
[2023] k=1.25  crps 7.355  cover80 0.844  sim sd 13.42  (13s)
[2023] k=1.4   crps 7.383  cover80 0.875  sim sd 14.35  (13s)
[2024] k=0.7   crps 6.371  cover80 0.812  sim sd 10.49  (14s)
[2024] k=0.8   crps 6.362  cover80 0.812  sim sd 11.08  (12s)
[2024] k=0.9   crps 6.362  cover80 0.812  sim sd 11.69  (12s)
[2024] k=1.0   crps 6.374  cover80 0.844  sim sd 12.33  (13s)
[2024] k=1.1   crps 6.395  cover80 0.844  sim sd 12.99  (14s)
[2024] k=1.25  crps 6.445  cover80 0.875  sim sd 13.98  (14s)
[2024] k=1.4   crps 6.516  cover80 0.906  sim sd 14.98  (14s)
        crps  cover80   sim_sd  pit_mid_cover80
k                                              
0.70  6.6828   0.7532  10.1617           0.7342
0.80  6.6758   0.7722  10.6825           0.7532
0.90  6.6748   0.7975  11.2345           0.7848
1.00  6.6820   0.8165  11.8113           0.8038
1.10  6.6968   0.8291  12.4042           0.8228
1.25  6.7328   0.8544  13.3105           0.8418
1.40  6.7864   0.8734  14.2264           0.8671
k        0.70   0.80   0.90   1.00   1.10   1.25   1.40
season                                                 
2019    5.812  5.826  5.845  5.878  5.922  6.002  6.098
2020    4.568  4.610  4.658  4.713  4.773  4.875  4.989
2022    9.143  9.093  9.045  9.002  8.960  8.906  8.868
2023    7.427  7.398  7.375  7.357  7.350  7.355  7.383
2024    6.371  6.362  6.362  6.374  6.395  6.445  6.516
{
 "loso_choice": {
  "2019": {
   "k": 0.9,
   "train_crps_by_k": {
    "0.7": 6.89538322277559,
    "0.8": 6.8832904012795275,
    "0.9": 6.8774212988188985,
    "1.0": 6.8782398204921265,
    "1.1": 6.885919276200787,
    "1.25": 6.91121332523622,
    "1.4": 6.954404473110237
   }
  },
  "2020": {
   "k": 1.0,
   "train_crps_by_k": {
    "0.7": 7.199099021200788,
    "0.8": 7.180165287047243,
    "0.9": 7.167058454507875,
    "1.0": 7.162586761102363,
    "1.1": 7.166257691889764,
    "1.25": 7.186395648425197,
    "1.4": 7.225076904251969
   }
  },
  "2022": {
   "k": 0.7,
   "train_crps_by_k": {
    "0.7": 6.057964682301587,
    "0.8": 6.062006802976191,
    "0.9": 6.072703850853175,
    "1.0": 6.092897338630952,
    "1.1": 6.121927457698413,
    "1.25": 6.1808449719642855,
    "1.4": 6.257759279960318
   }
  },
  "2023": {
   "k": 0.8,
   "train_crps_by_k": {
    "0.7": 6.4938149860515875,
    "0.8": 6.4923876398412705,
    "0.9": 6.496982539305556,
    "1.0": 6.510729543134921,
    "1.1": 6.530915054940476,
    "1.25": 6.574717350079365,
    "1.4": 6.634766192123016
   }
  },
  "2024": {
   "k": 0.9,
   "train_crps_by_k": {
    "0.7": 6.762103976845238,
    "0.8": 6.755592436964285,
    "0.9": 6.754207786488096,
    "1.0": 6.760378626944444,
    "1.1": 6.773503231984127,
    "1.25": 6.805913689186508,
    "1.4": 6.855201093194445
   }
  }
 },
 "loso": {
  "crps": 6.710146003449367,
  "cover80": 0.7721518987341772,
  "by_season": {
   "2019": {
    "k": 0.9,
    "crps": 5.844593347822581,
    "cover80": 0.8709677419354839
   },
   "2020": {
    "k": 1.0,
    "crps": 4.7133515751612896,
    "cover80": 0.9032258064516129
   },
   "2022": {
    "k": 0.7,
    "crps": 9.143237378125,
    "cover80": 0.5625
   },
   "2023": {
    "k": 0.8,
    "crps": 7.3980769436718745,
    "cover80": 0.71875
   },
   "2024": {
    "k": 0.9,
    "crps": 6.36202242609375,
    "cover80": 0.8125
   }
  }
 },
 "baseline_k1": {
  "crps": 6.682040617025316,
  "cover80": 0.8164556962025317,
  "by_season": {
   "2019": {
    "crps": 5.878256783467741,
    "cover80": 0.9032258064516129
   },
   "2020": {
    "crps": 4.7133515751612896,
    "cover80": 0.9032258064516129
   },
   "2022": {
    "crps": 9.001792275703126,
    "cover80": 0.625
   },
   "2023": {
    "crps": 7.35657797046875,
    "cover80": 0.8125
   },
   "2024": {
    "crps": 6.373584702968751,
    "cover80": 0.84375
   }
  }
 },
 "crps_loso_minus_base": {
  "diff": 0.028105386424050628,
  "se": 0.018968234461488,
  "ci95": [
   -0.008484646589003325,
   0.06649573756922474
  ]
 },
 "cover_gap_loso_minus_base": {
  "diff": 0.0113924050632912,
  "ci95": [
   -0.05189873417721513,
   0.06835443037974698
  ]
 },
 "k_chosen_all_seasons": 0.9,
 "diagnostics_k1": {
  "z_sd": 1.0271301858357205,
  "z_mean": 0.01500078567451577,
  "mae_mean": 9.150800632911393,
  "rmse_mean": 11.998983138534246,
  "mean_sim_sd": 11.811287213859305,
  "league_bias_by_season": {
   "2019": -0.027069354838708877,
   "2020": 0.6248645161290326,
   "2022": -0.08835468749999986,
   "2023": 0.7159125,
   "2024": -0.3908687500000001
  }
 },
 "rule": {
  "text": "Accept if the leave-one-season-out CRPS improves by at least 0.05 points and 80% coverage moves closer to 0.80.",
  "crps_gain": -0.028105386424051026,
  "crps_gain_ge_0.05": false,
  "coverage_closer": false,
  "accepted": false
 }
}
