  [ 1] baseline all m=1                    B 8.4454  A 8.5760  all 8.7591  [10s]
  [ 2] A a1 x0.5                    B 8.4400  A 8.5682  all 8.7529  [11s]
  [ 3] A a1 x2.0                    B 8.4570  A 8.5905  all 8.7712  [12s]
  [ 4] A a1 x0.25                   B 8.4427  A 8.5696  all 8.7549  [12s]
  [ 5] A a2 x0.5                    B 8.4426  A 8.5676  all 8.7510  [13s]
  [ 6] A a2 x2.0                    B 8.4438  A 8.5761  all 8.7610  [14s]
  [ 7] A g x0.5                     B 8.4425  A 8.5714  all 8.7533  [15s]
  [ 8] A g x2.0                     B 8.4419  A 8.5704  all 8.7570  [16s]
  [ 9] A shot x0.5                  B 8.4396  A 8.5677  all 8.7520  [17s]
  [10] A shot x2.0                  B 8.4412  A 8.5696  all 8.7548  [18s]
  [11] B a1_ev_F x0.500             B 8.4452  A 8.5730  all 8.7568  [19s]
  [12] B a1_ev_F x2.000             B 8.4390  A 8.5686  all 8.7533  [19s]
  [13] B a2_ev_F x0.500             B 8.4401  A 8.5675  all 8.7513  [20s]
  [14] B a2_ev_F x2.000             B 8.4417  A 8.5725  all 8.7577  [21s]
  [15] B g_ev_F x0.500              B 8.4400  A 8.5701  all 8.7530  [22s]
  [16] B g_ev_F x2.000              B 8.4402  A 8.5710  all 8.7568  [23s]
  [17] B shot_ev_F x0.500           B 8.4386  A 8.5681  all 8.7525  [24s]
  [18] B shot_ev_F x2.000           B 8.4398  A 8.5695  all 8.7545  [25s]
  [19] B a1_pp_F x0.500             B 8.4386  A 8.5677  all 8.7517  [26s]
  [20] B a1_pp_F x2.000             B 8.4413  A 8.5711  all 8.7561  [26s]
  [21] B a2_pp_F x0.500             B 8.4362  A 8.5644  all 8.7496  [27s]
  [22] B a2_pp_F x2.000             B 8.4431  A 8.5733  all 8.7575  [28s]
  [23] B g_pp_F x0.500              B 8.4394  A 8.5676  all 8.7516  [29s]
  [24] B g_pp_F x2.000              B 8.4335  A 8.5619  all 8.7481  [30s]
  [25] B shot_pp_F x0.500           B 8.4337  A 8.5619  all 8.7479  [31s]
  [26] B shot_pp_F x2.000           B 8.4334  A 8.5620  all 8.7484  [32s]
  [27] B a1_ev_D x0.500             B 8.4315  A 8.5596  all 8.7479  [33s]
  [28] B a1_ev_D x2.000             B 8.4368  A 8.5660  all 8.7503  [34s]
  [29] B a2_ev_D x0.500             B 8.4337  A 8.5612  all 8.7489  [35s]
  [30] B a2_ev_D x2.000             B 8.4306  A 8.5591  all 8.7477  [36s]
  [31] B g_ev_D x0.500              B 8.4289  A 8.5577  all 8.7465  [37s]
  [32] B g_ev_D x2.000              B 8.4331  A 8.5613  all 8.7497  [38s]
  [33] B shot_ev_D x0.500           B 8.4287  A 8.5574  all 8.7462  [39s]
  [34] B shot_ev_D x2.000           B 8.4294  A 8.5582  all 8.7469  [40s]
  [35] B a1_pp_D x0.500             B 8.4278  A 8.5567  all 8.7456  [40s]
  [36] B a1_pp_D x2.000             B 8.4297  A 8.5584  all 8.7471  [41s]
  [37] B a2_pp_D x0.500             B 8.4293  A 8.5588  all 8.7476  [42s]
  [38] B a2_pp_D x2.000             B 8.4270  A 8.5556  all 8.7446  [43s]
  [39] B g_pp_D x0.500              B 8.4272  A 8.5557  all 8.7446  [44s]
  [40] B g_pp_D x2.000              B 8.4268  A 8.5555  all 8.7446  [45s]
  [41] B shot_pp_D x0.500           B 8.4270  A 8.5556  all 8.7446  [46s]
  [42] B shot_pp_D x2.000           B 8.4270  A 8.5557  all 8.7447  [48s]
  [43] C a1_ev_F x0.707             B 8.4273  A 8.5552  all 8.7442  [49s]
  [44] C a1_ev_F x1.414             B 8.4280  A 8.5578  all 8.7464  [50s]
  [45] C a2_ev_F x0.707             B 8.4271  A 8.5545  all 8.7430  [51s]
  [46] C a2_ev_F x1.414             B 8.4277  A 8.5575  all 8.7467  [51s]
  [47] C g_ev_F x0.707              B 8.4270  A 8.5553  all 8.7435  [52s]
  [48] C g_ev_F x1.414              B 8.4275  A 8.5573  all 8.7468  [53s]
  [49] C shot_ev_F x0.707           B 8.4267  A 8.5552  all 8.7440  [54s]
  [50] C shot_ev_F x1.414           B 8.4273  A 8.5562  all 8.7452  [55s]
  [51] C a1_pp_F x0.707             B 8.4266  A 8.5552  all 8.7438  [56s]
  [52] C a1_pp_F x1.414             B 8.4278  A 8.5566  all 8.7458  [57s]
  [53] C a2_pp_F x0.707             B 8.4258  A 8.5542  all 8.7434  [58s]
  [54] C a2_pp_F x1.414             B 8.4282  A 8.5573  all 8.7460  [59s]
  [55] C g_pp_F x0.707              B 8.4269  A 8.5550  all 8.7438  [60s]
  [56] C g_pp_F x1.414              B 8.4250  A 8.5537  all 8.7432  [61s]
  [57] C shot_pp_F x0.707           B 8.4250  A 8.5536  all 8.7430  [62s]
  [58] C shot_pp_F x1.414           B 8.4249  A 8.5538  all 8.7434  [63s]
  [59] C a1_ev_D x0.707             B 8.4246  A 8.5532  all 8.7437  [64s]
  [60] C a1_ev_D x1.414             B 8.4259  A 8.5547  all 8.7431  [65s]
  [61] C a2_ev_D x0.707             B 8.4252  A 8.5538  all 8.7432  [66s]
  [62] C a2_ev_D x1.414             B 8.4248  A 8.5536  all 8.7432  [67s]
  [63] C g_ev_D x0.707              B 8.4245  A 8.5532  all 8.7428  [68s]
  [64] C g_ev_D x1.414              B 8.4256  A 8.5543  all 8.7437  [69s]
  [65] C shot_ev_D x0.707           B 8.4248  A 8.5536  all 8.7431  [70s]
  [66] C shot_ev_D x1.414           B 8.4252  A 8.5539  all 8.7434  [71s]
  [67] C a1_pp_D x0.707             B 8.4243  A 8.5531  all 8.7427  [72s]
  [68] C a1_pp_D x1.414             B 8.4255  A 8.5543  all 8.7437  [73s]
  [69] C a2_pp_D x0.707             B 8.4247  A 8.5536  all 8.7431  [74s]
  [70] C a2_pp_D x1.414             B 8.4241  A 8.5528  all 8.7424  [75s]
  [71] C g_pp_D x0.707              B 8.4244  A 8.5532  all 8.7426  [76s]
  [72] C g_pp_D x1.414              B 8.4242  A 8.5531  all 8.7427  [77s]
  [73] C shot_pp_D x0.707           B 8.4243  A 8.5531  all 8.7426  [78s]
  [74] C shot_pp_D x1.414           B 8.4243  A 8.5532  all 8.7427  [79s]
Traceback (most recent call last):
  File "<frozen runpy>", line 198, in _run_module_as_main
  File "<frozen runpy>", line 88, in _run_code
  File "/home/user/neurhl/orr/experiments/L2/run.py", line 397, in <module>
    main()
  File "/home/user/neurhl/orr/experiments/L2/run.py", line 379, in main
    tune(prm)
  File "/home/user/neurhl/orr/experiments/L2/run.py", line 273, in tune
    assert R.mkey(best["mult"]) == R.mkey(cur_m)
           ^^^^^^^^^^^^^^^^^^^^^^^^^^^^^^^^^^^^^
AssertionError
