[gs] 2014-17 n=4920: in-season alone 0.67174  preseason 0.67855  Elo 0.67537
  to_base lam=0       ll 0.67453 (+0.00278)  w2017 a=-0.044 in=0.954 pre=+0.189 elo=-0.015
  to_base lam=0.0001  ll 0.67431 (+0.00256)  w2017 a=-0.043 in=0.957 pre=+0.182 elo=-0.013
  to_base lam=0.0003  ll 0.67396 (+0.00222)  w2017 a=-0.042 in=0.962 pre=+0.170 elo=-0.010
  to_base lam=0.001   ll 0.67326 (+0.00152)  w2017 a=-0.040 in=0.975 pre=+0.139 elo=-0.002
  to_base lam=0.003   ll 0.67262 (+0.00087)  w2017 a=-0.036 in=0.994 pre=+0.094 elo=+0.008
  to_base lam=0.01    ll 0.67225 (+0.00051)  w2017 a=-0.032 in=1.009 pre=+0.049 elo=+0.014
  to_base lam=0.03    ll 0.67215 (+0.00041)  w2017 a=-0.027 in=1.010 pre=+0.023 elo=+0.011
  to_base lam=0.1     ll 0.67214 (+0.00040)  w2017 a=-0.022 in=1.006 pre=+0.009 elo=+0.006
  to_base lam=0.3     ll 0.67215 (+0.00040)  w2017 a=-0.020 in=1.002 pre=+0.003 elo=+0.002
  to_base lam=1       ll 0.67215 (+0.00041)  w2017 a=-0.019 in=1.001 pre=+0.001 elo=+0.001
  to_zero lam=0.0001  ll 0.67429 (+0.00255)  w2017 a=-0.043 in=0.934 pre=+0.193 elo=+0.001
  to_zero lam=0.0003  ll 0.67392 (+0.00217)  w2017 a=-0.043 in=0.898 pre=+0.200 elo=+0.029
  to_zero lam=0.001   ll 0.67322 (+0.00148)  w2017 a=-0.040 in=0.803 pre=+0.218 elo=+0.099
  to_zero lam=0.003   ll 0.67278 (+0.00104)  w2017 a=-0.031 in=0.654 pre=+0.236 elo=+0.188
  to_zero lam=0.01    ll 0.67354 (+0.00179)  w2017 a=-0.001 in=0.462 pre=+0.223 elo=+0.231
  to_zero lam=0.03    ll 0.67675 (+0.00501)  w2017 a=+0.051 in=0.287 pre=+0.161 elo=+0.181
  to_zero lam=0.1     ll 0.68269 (+0.01094)  w2017 a=+0.111 in=0.131 pre=+0.078 elo=+0.091
  to_zero lam=0.3     ll 0.68685 (+0.01511)  w2017 a=+0.144 in=0.052 pre=+0.032 elo=+0.037
  to_zero lam=1       ll 0.68894 (+0.01720)  w2017 a=+0.159 in=0.017 pre=+0.010 elo=+0.012
  -> chosen to_base lam=0.1 ll 0.67214
[go] 2014-17 n=4920: in-season alone 0.67420  preseason 0.67855  Elo 0.67537
  to_base lam=0       ll 0.67727 (+0.00307)  w2017 a=-0.053 in=0.710 pre=+0.329 elo=+0.144
  to_base lam=0.0001  ll 0.67696 (+0.00275)  w2017 a=-0.053 in=0.746 pre=+0.307 elo=+0.126
  to_base lam=0.0003  ll 0.67650 (+0.00229)  w2017 a=-0.052 in=0.798 pre=+0.272 elo=+0.100
  to_base lam=0.001   ll 0.67568 (+0.00148)  w2017 a=-0.049 in=0.889 pre=+0.202 elo=+0.059
  to_base lam=0.003   ll 0.67502 (+0.00081)  w2017 a=-0.044 in=0.966 pre=+0.126 elo=+0.035
  to_base lam=0.01    ll 0.67466 (+0.00046)  w2017 a=-0.039 in=1.006 pre=+0.064 elo=+0.026
  to_base lam=0.03    ll 0.67457 (+0.00037)  w2017 a=-0.032 in=1.012 pre=+0.031 elo=+0.018
  to_base lam=0.1     ll 0.67458 (+0.00038)  w2017 a=-0.026 in=1.007 pre=+0.012 elo=+0.009
  to_base lam=0.3     ll 0.67461 (+0.00040)  w2017 a=-0.023 in=1.003 pre=+0.005 elo=+0.003
  to_base lam=1       ll 0.67462 (+0.00041)  w2017 a=-0.022 in=1.001 pre=+0.001 elo=+0.001
  to_zero lam=0.0001  ll 0.67697 (+0.00277)  w2017 a=-0.053 in=0.679 pre=+0.337 elo=+0.167
  to_zero lam=0.0003  ll 0.67653 (+0.00232)  w2017 a=-0.051 in=0.631 pre=+0.346 elo=+0.200
  to_zero lam=0.001   ll 0.67572 (+0.00151)  w2017 a=-0.046 in=0.543 pre=+0.352 elo=+0.260
  to_zero lam=0.003   ll 0.67515 (+0.00094)  w2017 a=-0.032 in=0.451 pre=+0.332 elo=+0.302
  to_zero lam=0.01    ll 0.67572 (+0.00152)  w2017 a=+0.003 in=0.344 pre=+0.267 elo=+0.282
  to_zero lam=0.03    ll 0.67869 (+0.00449)  w2017 a=+0.057 in=0.224 pre=+0.175 elo=+0.198
  to_zero lam=0.1     ll 0.68394 (+0.00974)  w2017 a=+0.115 in=0.103 pre=+0.081 elo=+0.094
  to_zero lam=0.3     ll 0.68744 (+0.01323)  w2017 a=+0.146 in=0.041 pre=+0.032 elo=+0.037
  to_zero lam=1       ll 0.68914 (+0.01494)  w2017 a=+0.160 in=0.013 pre=+0.010 elo=+0.012
  -> chosen to_base lam=0.03 ll 0.67457
